// Jest Snapshot v1, https://goo.gl/fbAQLP

exports[`LoginScreen 1`] = `
<View
  style={
    Object {
      "alignItems": "center",
      "backgroundColor": "#003f5c",
      "flex": 1,
      "justifyContent": "center",
    }
  }
>
  <Text
    style={
      Object {
        "color": "#fb5b5a",
        "fontSize": 50,
        "fontWeight": "bold",
        "marginBottom": 40,
      }
    }
  >
    Daily Checkin
  </Text>
  <View
    style={
      Object {
        "backgroundColor": "#465881",
        "borderRadius": 25,
        "height": 50,
        "justifyContent": "center",
        "marginBottom": 20,
        "padding": 20,
        "width": "80%",
      }
    }
  >
    <TextInput
      allowFontScaling={true}
      onChangeText={[Function]}
      placeholder="Username"
      placeholderTextColor="#003f5c"
      rejectResponderTermination={true}
      style={
        Object {
          "color": "white",
          "height": 50,
        }
      }
      underlineColorAndroid="transparent"
    />
  </View>
  <View
    style={
      Object {
        "backgroundColor": "#465881",
        "borderRadius": 25,
        "height": 50,
        "justifyContent": "center",
        "marginBottom": 20,
        "padding": 20,
        "width": "80%",
      }
    }
  >
    <TextInput
      allowFontScaling={true}
      onChangeText={[Function]}
      placeholder="Password"
      placeholderTextColor="#003f5c"
      rejectResponderTermination={true}
      secureTextEntry={true}
      style={
        Object {
          "color": "white",
          "height": 50,
        }
      }
      underlineColorAndroid="transparent"
    />
  </View>
  <View
    accessible={true}
    focusable={true}
    onClick={[Function]}
    onResponderGrant={[Function]}
    onResponderMove={[Function]}
    onResponderRelease={[Function]}
    onResponderTerminate={[Function]}
    onResponderTerminationRequest={[Function]}
    onStartShouldSetResponder={[Function]}
    style={
      Object {
        "opacity": 1,
      }
    }
  >
    <Text
      style={
        Object {
          "color": "white",
          "fontSize": 11,
        }
      }
    >
      or use token to login
    </Text>
  </View>
  <View
    accessible={true}
    focusable={true}
    onClick={[Function]}
    onResponderGrant={[Function]}
    onResponderMove={[Function]}
    onResponderRelease={[Function]}
    onResponderTerminate={[Function]}
    onResponderTerminationRequest={[Function]}
    onStartShouldSetResponder={[Function]}
    style={
      Object {
        "alignItems": "center",
        "backgroundColor": "#fb5b5a",
        "borderRadius": 25,
        "height": 50,
        "justifyContent": "center",
        "marginBottom": 10,
        "marginTop": 40,
        "opacity": 1,
        "width": "80%",
      }
    }
  >
    <Text
      style={
        Object {
          "color": "white",
        }
      }
    >
      LOGIN
    </Text>
  </View>
  <View
    accessible={true}
    focusable={false}
    onClick={[Function]}
    onResponderGrant={[Function]}
    onResponderMove={[Function]}
    onResponderRelease={[Function]}
    onResponderTerminate={[Function]}
    onResponderTerminationRequest={[Function]}
    onStartShouldSetResponder={[Function]}
    style={
      Object {
        "opacity": 1,
      }
    }
  >
    <Text
      style={
        Array [
          Object {
            "color": "white",
          },
          Object {
            "paddingTop": 10,
          },
        ]
      }
    >
      Signup
    </Text>
  </View>
</View>
`;
