// Jest Snapshot v1, https://goo.gl/fbAQLP

exports[`NotFoundScreen 1`] = `
<View
  style={
    Object {
      "alignItems": "center",
      "backgroundColor": "#fff",
      "flex": 1,
      "justifyContent": "center",
      "padding": 20,
    }
  }
>
  <Text
    style={
      Object {
        "fontSize": 20,
        "fontWeight": "bold",
      }
    }
  >
    This screen doesn't exist.
  </Text>
  <View
    accessible={true}
    focusable={true}
    onClick={[Function]}
    onResponderGrant={[Function]}
    onResponderMove={[Function]}
    onResponderRelease={[Function]}
    onResponderTerminate={[Function]}
    onResponderTerminationRequest={[Function]}
    onStartShouldSetResponder={[Function]}
    style={
      Object {
        "marginTop": 15,
        "opacity": 1,
        "paddingVertical": 15,
      }
    }
  >
    <Text
      style={
        Object {
          "color": "#2e78b7",
          "fontSize": 14,
        }
      }
    >
      Go to home screen!
    </Text>
  </View>
</View>
`;
