// Jest Snapshot v1, https://goo.gl/fbAQLP

exports[`TemplateScreen 1`] = `
<View
  style={
    Array [
      Object {
        "backgroundColor": "#fff",
      },
      Object {
        "alignItems": "center",
        "flex": 1,
      },
    ]
  }
/>
`;
